// Jest Snapshot v1, https://goo.gl/fbAQLP

exports[`matches snapshot 1`] = `
<DocumentFragment>
  <div>
    <header
      class="MuiPaper-root MuiAppBar-root MuiAppBar-positionFixed MuiAppBar-colorPrimary mui-fixed MuiPaper-elevation4"
      style="background-color: rgba(0, 151, 167, 0);"
    >
      <div
        class="MuiToolbar-root MuiToolbar-regular MuiToolbar-gutters"
        varian="condense"
      >
        <div
          class="MuiGrid-root MuiGrid-container MuiGrid-justify-xs-space-between"
        >
          <div
            class="MuiGrid-root MuiGrid-item MuiGrid-grid-xs-9"
          >
            <div
              class="MuiBox-root MuiBox-root-38"
            >
              <div
                class="MuiTabs-root"
                data-testid="navbarTab"
              >
                <div
                  class="MuiTabs-scrollable"
                  style="width: 99px; height: 99px; position: absolute; top: -9999px; overflow: scroll;"
                />
                <div
                  class="MuiTabs-scroller MuiTabs-scrollable"
                  style="margin-bottom: 0px;"
                >
                  <div
                    aria-label="scrollable auto tabs example"
                    class="MuiTabs-flexContainer"
                    role="tablist"
                  >
                    <button
                      aria-selected="true"
                      class="MuiButtonBase-root MuiTab-root MuiTab-textColorInherit Mui-selected"
                      role="tab"
                      tabindex="0"
                      type="button"
                    >
                      <span
                        class="MuiTab-wrapper"
                      >
                        Profile
                      </span>
                      <span
                        class="MuiTouchRipple-root"
                      />
                    </button>
                    <button
                      aria-selected="false"
                      class="MuiButtonBase-root MuiTab-root MuiTab-textColorInherit"
                      role="tab"
                      tabindex="-1"
                      type="button"
                    >
                      <span
                        class="MuiTab-wrapper"
                      >
                        Knowledge
                      </span>
                      <span
                        class="MuiTouchRipple-root"
                      />
                    </button>
                    <button
                      aria-selected="false"
                      class="MuiButtonBase-root MuiTab-root MuiTab-textColorInherit"
                      role="tab"
                      tabindex="-1"
                      type="button"
                    >
                      <span
                        class="MuiTab-wrapper"
                      >
                        Personal Skills
                      </span>
                      <span
                        class="MuiTouchRipple-root"
                      />
                    </button>
                    <button
                      aria-selected="false"
                      class="MuiButtonBase-root MuiTab-root MuiTab-textColorInherit"
                      role="tab"
                      tabindex="-1"
                      type="button"
                    >
                      <span
                        class="MuiTab-wrapper"
                      >
                        Work Experience
                      </span>
                      <span
                        class="MuiTouchRipple-root"
                      />
                    </button>
                  </div>
                  <span
                    class="PrivateTabIndicator-root-39 PrivateTabIndicator-colorSecondary-41 MuiTabs-indicator"
                    style="left: 0px; width: 0px;"
                  />
                </div>
              </div>
            </div>
          </div>
          <div
            class="MuiGrid-root MuiGrid-item MuiGrid-grid-xs-3"
          >
            <div
              class="MuiBox-root MuiBox-root-43"
            >
              <button
                class="MuiButtonBase-root MuiIconButton-root"
                data-testid="btnLang"
                tabindex="0"
                type="button"
              >
                <span
                  class="MuiIconButton-label"
                >
                  <div
                    class="MuiAvatar-root MuiAvatar-circle makeStyles-small-37 MuiAvatar-colorDefault"
                  >
                    <div
                      class="MuiBox-root MuiBox-root-44"
                    >
                      SP
                    </div>
                  </div>
                </span>
                <span
                  class="MuiTouchRipple-root"
                />
              </button>
              <button
                class="MuiButtonBase-root MuiIconButton-root"
                data-testid="btnTheme"
                tabindex="0"
                type="button"
              >
                <span
                  class="MuiIconButton-label"
                >
                  <span
                    aria-hidden="true"
                    class="material-icons MuiIcon-root"
                    style="color: rgb(255, 255, 255);"
                  >
                    brightness_2
                  </span>
                </span>
                <span
                  class="MuiTouchRipple-root"
                />
              </button>
            </div>
          </div>
        </div>
      </div>
    </header>
  </div>
</DocumentFragment>
`;
